<html>
<head>
<meta charset="utf-8">
<title>OpenPetra Reports</title>
<link href="/css/report.css" rel="stylesheet">
</head>

<body>

<div id="head">
	<div class="title1" style='visibility:hidden'>Account Detail with Analysis Attributes</div>
	<div class="title1" style='visibility:hidden'>Account Detail</div>
	<div class="title2">[getLedgerName(43)]</div>
	<div class="descr1"><!-- TODO --></div>
	<div class="descr2"><!-- TODO --></div>
	<div class="descr3"><!-- TODO --></div>
	<div class="period1"><!-- TODO --></div>

	<div class="period2">
		<div style='visibility:hidden'>Reference: All references</div>
		<div style='visibility:hidden'>Reference:  to </div>
		<div style='visibility:hidden'>Analysis Attributes: All Analysis Attributes</div>
		<div style='visibility:hidden'>Analysis Attributes:  to </div>
		<div style='visibility:hidden'>Cost Centre: 10100 To 10500</div>
		<div style='visibility:hidden'>Cost Centres: *NOTUSED*</div>
	</div>
	<div class="period3"><!-- TODO --></div>
</div>





<div id="column_headings" class="row">
	<div class="col-2">Transaction Date</div>
	<div class="col-2">Reference</div>
	<div class="col-4">Narrative</div>
	<div class="col-1">Debit</div>
	<div class="col-1">Credit</div>
	<div class="col-2">End Balance</div>
</div>
<div class="row">
	<div class="col-12">
		<hr>
	</div>
</div>
<div id="content">
	
<div id="acccc0">
		<div class="header row">
			<div class="header1 col-4"><strong>10300-0100</strong></div>
			<div class="header2 col-8"><strong>CAMBODIA, Support Gifts: Local</strong></div>
		</div>
		
		<div id="trans0" class="row">
			<div class="col-2 date">2016-01-01</div>
			<div class="col-2">GB1</div>
			<div class="col-4">GB - Gift Batch 1</div>
			<div class="col-1 currency"></div>
			<div class="col-1 currency">410.00</div>
		</div><div id="trans1" class="row">
			<div class="col-2 date">2016-01-10</div>
			<div class="col-2">GB10</div>
			<div class="col-4">GB - Gift Batch 10</div>
			<div class="col-1 currency"></div>
			<div class="col-1 currency">361.00</div>
		</div><div class="footer row">
			<div class="col-2">Net Balance:</div>
			<div class="col-2">&nbsp;</div>
			<div class="col-4">&nbsp;</div>
			<div class="col-1 currency">0.00</div>
			<div class="col-1 currency">771.00</div>
			<div class="col-2 currency">4020.00</div>
		</div>
		<div class="row">
			<div class="col-12">
				<hr>
			</div>
		</div>
	</div><div id="acccc1">
		<div class="header row">
			<div class="header1 col-4"><strong>10400-0100</strong></div>
			<div class="header2 col-8"><strong>EL SALVADOR, Support Gifts: Local</strong></div>
		</div>
		
		<div id="trans2" class="row">
			<div class="col-2 date">2016-01-04</div>
			<div class="col-2">GB4</div>
			<div class="col-4">GB - Gift Batch 4</div>
			<div class="col-1 currency"></div>
			<div class="col-1 currency">71.00</div>
		</div><div id="trans3" class="row">
			<div class="col-2 date">2016-01-05</div>
			<div class="col-2">GB5</div>
			<div class="col-4">GB - Gift Batch 5</div>
			<div class="col-1 currency"></div>
			<div class="col-1 currency">212.00</div>
		</div><div id="trans4" class="row">
			<div class="col-2 date">2016-01-10</div>
			<div class="col-2">GB10</div>
			<div class="col-4">GB - Gift Batch 10</div>
			<div class="col-1 currency"></div>
			<div class="col-1 currency">376.00</div>
		</div><div id="trans5" class="row">
			<div class="col-2 date">2016-01-12</div>
			<div class="col-2">GB12</div>
			<div class="col-4">GB - Gift Batch 12</div>
			<div class="col-1 currency"></div>
			<div class="col-1 currency">181.00</div>
		</div><div id="trans6" class="row">
			<div class="col-2 date">2016-01-14</div>
			<div class="col-2">GB14</div>
			<div class="col-4">GB - Gift Batch 14</div>
			<div class="col-1 currency"></div>
			<div class="col-1 currency">21.00</div>
		</div><div id="trans7" class="row">
			<div class="col-2 date">2016-01-16</div>
			<div class="col-2">GB16</div>
			<div class="col-4">GB - Gift Batch 16</div>
			<div class="col-1 currency"></div>
			<div class="col-1 currency">68.00</div>
		</div><div id="trans8" class="row">
			<div class="col-2 date">2016-01-21</div>
			<div class="col-2">GB21</div>
			<div class="col-4">GB - Gift Batch 21</div>
			<div class="col-1 currency"></div>
			<div class="col-1 currency">450.00</div>
		</div><div id="trans9" class="row">
			<div class="col-2 date">2016-01-23</div>
			<div class="col-2">GB23</div>
			<div class="col-4">GB - Gift Batch 23</div>
			<div class="col-1 currency"></div>
			<div class="col-1 currency">25.00</div>
		</div><div id="trans10" class="row">
			<div class="col-2 date">2016-01-25</div>
			<div class="col-2">GB25</div>
			<div class="col-4">GB - Gift Batch 25</div>
			<div class="col-1 currency"></div>
			<div class="col-1 currency">113.00</div>
		</div><div id="trans11" class="row">
			<div class="col-2 date">2016-01-28</div>
			<div class="col-2">GB28</div>
			<div class="col-4">GB - Gift Batch 28</div>
			<div class="col-1 currency"></div>
			<div class="col-1 currency">280.00</div>
		</div><div id="trans12" class="row">
			<div class="col-2 date">2016-01-30</div>
			<div class="col-2">GB30</div>
			<div class="col-4">GB - Gift Batch 30</div>
			<div class="col-1 currency"></div>
			<div class="col-1 currency">172.00</div>
		</div><div class="footer row">
			<div class="col-2">Net Balance:</div>
			<div class="col-2">&nbsp;</div>
			<div class="col-4">&nbsp;</div>
			<div class="col-1 currency">0.00</div>
			<div class="col-1 currency">1969.00</div>
			<div class="col-2 currency">34508.00</div>
		</div>
		<div class="row">
			<div class="col-12">
				<hr>
			</div>
		</div>
	</div><div id="acccc2">
		<div class="header row">
			<div class="header1 col-4"><strong>10500-0100</strong></div>
			<div class="header2 col-8"><strong>TUNISIA, Support Gifts: Local</strong></div>
		</div>
		
		<div id="trans13" class="row">
			<div class="col-2 date">2016-01-01</div>
			<div class="col-2">GB1</div>
			<div class="col-4">GB - Gift Batch 1</div>
			<div class="col-1 currency"></div>
			<div class="col-1 currency">189.00</div>
		</div><div id="trans14" class="row">
			<div class="col-2 date">2016-01-02</div>
			<div class="col-2">GB2</div>
			<div class="col-4">GB - Gift Batch 2</div>
			<div class="col-1 currency"></div>
			<div class="col-1 currency">177.00</div>
		</div><div id="trans15" class="row">
			<div class="col-2 date">2016-01-04</div>
			<div class="col-2">GB4</div>
			<div class="col-4">GB - Gift Batch 4</div>
			<div class="col-1 currency"></div>
			<div class="col-1 currency">184.00</div>
		</div><div id="trans16" class="row">
			<div class="col-2 date">2016-01-05</div>
			<div class="col-2">GB5</div>
			<div class="col-4">GB - Gift Batch 5</div>
			<div class="col-1 currency"></div>
			<div class="col-1 currency">473.00</div>
		</div><div id="trans17" class="row">
			<div class="col-2 date">2016-01-08</div>
			<div class="col-2">GB8</div>
			<div class="col-4">GB - Gift Batch 8</div>
			<div class="col-1 currency"></div>
			<div class="col-1 currency">63.00</div>
		</div><div id="trans18" class="row">
			<div class="col-2 date">2016-01-09</div>
			<div class="col-2">GB9</div>
			<div class="col-4">GB - Gift Batch 9</div>
			<div class="col-1 currency"></div>
			<div class="col-1 currency">323.00</div>
		</div><div id="trans19" class="row">
			<div class="col-2 date">2016-01-15</div>
			<div class="col-2">GB15</div>
			<div class="col-4">GB - Gift Batch 15</div>
			<div class="col-1 currency"></div>
			<div class="col-1 currency">393.00</div>
		</div><div id="trans20" class="row">
			<div class="col-2 date">2016-01-19</div>
			<div class="col-2">GB19</div>
			<div class="col-4">GB - Gift Batch 19</div>
			<div class="col-1 currency"></div>
			<div class="col-1 currency">499.00</div>
		</div><div id="trans21" class="row">
			<div class="col-2 date">2016-01-23</div>
			<div class="col-2">GB23</div>
			<div class="col-4">GB - Gift Batch 23</div>
			<div class="col-1 currency"></div>
			<div class="col-1 currency">314.00</div>
		</div><div id="trans22" class="row">
			<div class="col-2 date">2016-01-26</div>
			<div class="col-2">GB26</div>
			<div class="col-4">GB - Gift Batch 26</div>
			<div class="col-1 currency"></div>
			<div class="col-1 currency">426.00</div>
		</div><div id="trans23" class="row">
			<div class="col-2 date">2016-01-27</div>
			<div class="col-2">GB27</div>
			<div class="col-4">GB - Gift Batch 27</div>
			<div class="col-1 currency"></div>
			<div class="col-1 currency">265.00</div>
		</div><div id="trans24" class="row">
			<div class="col-2 date">2016-01-28</div>
			<div class="col-2">GB28</div>
			<div class="col-4">GB - Gift Batch 28</div>
			<div class="col-1 currency"></div>
			<div class="col-1 currency">470.00</div>
		</div><div id="trans25" class="row">
			<div class="col-2 date">2016-01-29</div>
			<div class="col-2">GB29</div>
			<div class="col-4">GB - Gift Batch 29</div>
			<div class="col-1 currency"></div>
			<div class="col-1 currency">264.00</div>
		</div><div class="footer row">
			<div class="col-2">Net Balance:</div>
			<div class="col-2">&nbsp;</div>
			<div class="col-4">&nbsp;</div>
			<div class="col-1 currency">0.00</div>
			<div class="col-1 currency">4040.00</div>
			<div class="col-2 currency">68700.00</div>
		</div>
		<div class="row">
			<div class="col-12">
				<hr>
			</div>
		</div>
	</div></div>

</body>
</html>
