<html>
<head>
<meta charset="utf-8">
<title>OpenPetra Reports</title>
<link href="/css/report.css" rel="stylesheet">
</head>

<body>

<div id="head">
	<div class="title1">Partner By Special Types</div>
</div>



<div id="column_headings" class="row">
	<div class="col-1">Partner Key</div>
	<div class="col-2">Name</div>
	<div class="col-2">Street</div>
	<div class="col-1">Post Code</div>
	<div class="col-2">City</div>
	<div class="col-2">Country</div>
	<div class="col-2">Phone</div>
</div>
<div class="row">
	<div class="col-12">
		<hr>
	</div>
</div>
<div id="content">
	
<div id="partner0" class="row">
		<div class="col-1">4000000</div>
		<div class="col-2">International Clearing House</div>
		<div class="col-2">No valid address on file</div>
		<div class="col-1"></div>
		<div class="col-2"></div>
		<div class="col-2">99</div>
		<div class="col-2"></div>
	</div><div id="partner1" class="row">
		<div class="col-1">35000000</div>
		<div class="col-2">Switzerland</div>
		<div class="col-2">No valid address on file</div>
		<div class="col-1"></div>
		<div class="col-2"></div>
		<div class="col-2">99</div>
		<div class="col-2"></div>
	</div><div id="partner2" class="row">
		<div class="col-1">43000000</div>
		<div class="col-2">Germany</div>
		<div class="col-2">No valid address on file</div>
		<div class="col-1"></div>
		<div class="col-2"></div>
		<div class="col-2">99</div>
		<div class="col-2"></div>
	</div><div id="partner3" class="row">
		<div class="col-1">73000000</div>
		<div class="col-2">Kenya</div>
		<div class="col-2">No valid address on file</div>
		<div class="col-1"></div>
		<div class="col-2"></div>
		<div class="col-2">99</div>
		<div class="col-2"></div>
	</div><div id="partner4" class="row">
		<div class="col-1">95000000</div>
		<div class="col-2">Global Impact Fund</div>
		<div class="col-2">No valid address on file</div>
		<div class="col-1"></div>
		<div class="col-2"></div>
		<div class="col-2">99</div>
		<div class="col-2"></div>
	</div><div id="partner5" class="row">
		<div class="col-1">101000000</div>
		<div class="col-2">GUYANA</div>
		<div class="col-2">No valid address on file</div>
		<div class="col-1"></div>
		<div class="col-2"></div>
		<div class="col-2">99</div>
		<div class="col-2"></div>
	</div><div id="partner6" class="row">
		<div class="col-1">102000000</div>
		<div class="col-2">NIGERIA</div>
		<div class="col-2">No valid address on file</div>
		<div class="col-1"></div>
		<div class="col-2"></div>
		<div class="col-2">99</div>
		<div class="col-2"></div>
	</div><div id="partner7" class="row">
		<div class="col-1">103000000</div>
		<div class="col-2">CAMBODIA</div>
		<div class="col-2">No valid address on file</div>
		<div class="col-1"></div>
		<div class="col-2"></div>
		<div class="col-2">99</div>
		<div class="col-2"></div>
	</div><div id="partner8" class="row">
		<div class="col-1">104000000</div>
		<div class="col-2">EL SALVADOR</div>
		<div class="col-2">No valid address on file</div>
		<div class="col-1"></div>
		<div class="col-2"></div>
		<div class="col-2">99</div>
		<div class="col-2"></div>
	</div><div id="partner9" class="row">
		<div class="col-1">105000000</div>
		<div class="col-2">TUNISIA</div>
		<div class="col-2">No valid address on file</div>
		<div class="col-1"></div>
		<div class="col-2"></div>
		<div class="col-2">99</div>
		<div class="col-2"></div>
	</div><div id="partner10" class="row">
		<div class="col-1">106000000</div>
		<div class="col-2">MAURITANIA</div>
		<div class="col-2">No valid address on file</div>
		<div class="col-1"></div>
		<div class="col-2"></div>
		<div class="col-2">99</div>
		<div class="col-2"></div>
	</div><div id="partner11" class="row">
		<div class="col-1">107000000</div>
		<div class="col-2">UZBEKISTAN</div>
		<div class="col-2">No valid address on file</div>
		<div class="col-1"></div>
		<div class="col-2"></div>
		<div class="col-2">99</div>
		<div class="col-2"></div>
	</div><div id="partner12" class="row">
		<div class="col-1">108000000</div>
		<div class="col-2">HONG KONG</div>
		<div class="col-2">No valid address on file</div>
		<div class="col-1"></div>
		<div class="col-2"></div>
		<div class="col-2">99</div>
		<div class="col-2"></div>
	</div><div id="partner13" class="row">
		<div class="col-1">109000000</div>
		<div class="col-2">GUATEMALA</div>
		<div class="col-2">No valid address on file</div>
		<div class="col-1"></div>
		<div class="col-2"></div>
		<div class="col-2">99</div>
		<div class="col-2"></div>
	</div><div id="partner14" class="row">
		<div class="col-1">110000000</div>
		<div class="col-2">GUINEA</div>
		<div class="col-2">No valid address on file</div>
		<div class="col-1"></div>
		<div class="col-2"></div>
		<div class="col-2">99</div>
		<div class="col-2"></div>
	</div><div id="partner15" class="row">
		<div class="col-1">111000000</div>
		<div class="col-2">MOLDOVA (REPUBLIC OF)</div>
		<div class="col-2">No valid address on file</div>
		<div class="col-1"></div>
		<div class="col-2"></div>
		<div class="col-2">99</div>
		<div class="col-2"></div>
	</div><div id="partner16" class="row">
		<div class="col-1">112000000</div>
		<div class="col-2">IRELAND</div>
		<div class="col-2">No valid address on file</div>
		<div class="col-1"></div>
		<div class="col-2"></div>
		<div class="col-2">99</div>
		<div class="col-2"></div>
	</div><div id="partner17" class="row">
		<div class="col-1">113000000</div>
		<div class="col-2">ZIMBABWE</div>
		<div class="col-2">No valid address on file</div>
		<div class="col-1"></div>
		<div class="col-2"></div>
		<div class="col-2">99</div>
		<div class="col-2"></div>
	</div><div id="partner18" class="row">
		<div class="col-1">114000000</div>
		<div class="col-2">VENEZUELA</div>
		<div class="col-2">No valid address on file</div>
		<div class="col-1"></div>
		<div class="col-2"></div>
		<div class="col-2">99</div>
		<div class="col-2"></div>
	</div><div id="partner19" class="row">
		<div class="col-1">115000000</div>
		<div class="col-2">PUERTO RICO</div>
		<div class="col-2">No valid address on file</div>
		<div class="col-1"></div>
		<div class="col-2"></div>
		<div class="col-2">99</div>
		<div class="col-2"></div>
	</div><div id="partner20" class="row">
		<div class="col-1">4000000</div>
		<div class="col-2">International Clearing House</div>
		<div class="col-2">No valid address on file</div>
		<div class="col-1"></div>
		<div class="col-2"></div>
		<div class="col-2">99</div>
		<div class="col-2"></div>
	</div><div id="partner21" class="row">
		<div class="col-1">35000000</div>
		<div class="col-2">Switzerland</div>
		<div class="col-2">No valid address on file</div>
		<div class="col-1"></div>
		<div class="col-2"></div>
		<div class="col-2">99</div>
		<div class="col-2"></div>
	</div><div id="partner22" class="row">
		<div class="col-1">43000000</div>
		<div class="col-2">Germany</div>
		<div class="col-2">No valid address on file</div>
		<div class="col-1"></div>
		<div class="col-2"></div>
		<div class="col-2">99</div>
		<div class="col-2"></div>
	</div><div id="partner23" class="row">
		<div class="col-1">73000000</div>
		<div class="col-2">Kenya</div>
		<div class="col-2">No valid address on file</div>
		<div class="col-1"></div>
		<div class="col-2"></div>
		<div class="col-2">99</div>
		<div class="col-2"></div>
	</div><div id="partner24" class="row">
		<div class="col-1">95000000</div>
		<div class="col-2">Global Impact Fund</div>
		<div class="col-2">No valid address on file</div>
		<div class="col-1"></div>
		<div class="col-2"></div>
		<div class="col-2">99</div>
		<div class="col-2"></div>
	</div><div id="partner25" class="row">
		<div class="col-1">101000000</div>
		<div class="col-2">GUYANA</div>
		<div class="col-2">No valid address on file</div>
		<div class="col-1"></div>
		<div class="col-2"></div>
		<div class="col-2">99</div>
		<div class="col-2"></div>
	</div><div id="partner26" class="row">
		<div class="col-1">102000000</div>
		<div class="col-2">NIGERIA</div>
		<div class="col-2">No valid address on file</div>
		<div class="col-1"></div>
		<div class="col-2"></div>
		<div class="col-2">99</div>
		<div class="col-2"></div>
	</div><div id="partner27" class="row">
		<div class="col-1">103000000</div>
		<div class="col-2">CAMBODIA</div>
		<div class="col-2">No valid address on file</div>
		<div class="col-1"></div>
		<div class="col-2"></div>
		<div class="col-2">99</div>
		<div class="col-2"></div>
	</div><div id="partner28" class="row">
		<div class="col-1">104000000</div>
		<div class="col-2">EL SALVADOR</div>
		<div class="col-2">No valid address on file</div>
		<div class="col-1"></div>
		<div class="col-2"></div>
		<div class="col-2">99</div>
		<div class="col-2"></div>
	</div><div id="partner29" class="row">
		<div class="col-1">105000000</div>
		<div class="col-2">TUNISIA</div>
		<div class="col-2">No valid address on file</div>
		<div class="col-1"></div>
		<div class="col-2"></div>
		<div class="col-2">99</div>
		<div class="col-2"></div>
	</div><div id="partner30" class="row">
		<div class="col-1">106000000</div>
		<div class="col-2">MAURITANIA</div>
		<div class="col-2">No valid address on file</div>
		<div class="col-1"></div>
		<div class="col-2"></div>
		<div class="col-2">99</div>
		<div class="col-2"></div>
	</div><div id="partner31" class="row">
		<div class="col-1">107000000</div>
		<div class="col-2">UZBEKISTAN</div>
		<div class="col-2">No valid address on file</div>
		<div class="col-1"></div>
		<div class="col-2"></div>
		<div class="col-2">99</div>
		<div class="col-2"></div>
	</div><div id="partner32" class="row">
		<div class="col-1">108000000</div>
		<div class="col-2">HONG KONG</div>
		<div class="col-2">No valid address on file</div>
		<div class="col-1"></div>
		<div class="col-2"></div>
		<div class="col-2">99</div>
		<div class="col-2"></div>
	</div><div id="partner33" class="row">
		<div class="col-1">109000000</div>
		<div class="col-2">GUATEMALA</div>
		<div class="col-2">No valid address on file</div>
		<div class="col-1"></div>
		<div class="col-2"></div>
		<div class="col-2">99</div>
		<div class="col-2"></div>
	</div><div id="partner34" class="row">
		<div class="col-1">110000000</div>
		<div class="col-2">GUINEA</div>
		<div class="col-2">No valid address on file</div>
		<div class="col-1"></div>
		<div class="col-2"></div>
		<div class="col-2">99</div>
		<div class="col-2"></div>
	</div><div id="partner35" class="row">
		<div class="col-1">111000000</div>
		<div class="col-2">MOLDOVA (REPUBLIC OF)</div>
		<div class="col-2">No valid address on file</div>
		<div class="col-1"></div>
		<div class="col-2"></div>
		<div class="col-2">99</div>
		<div class="col-2"></div>
	</div><div id="partner36" class="row">
		<div class="col-1">112000000</div>
		<div class="col-2">IRELAND</div>
		<div class="col-2">No valid address on file</div>
		<div class="col-1"></div>
		<div class="col-2"></div>
		<div class="col-2">99</div>
		<div class="col-2"></div>
	</div><div id="partner37" class="row">
		<div class="col-1">113000000</div>
		<div class="col-2">ZIMBABWE</div>
		<div class="col-2">No valid address on file</div>
		<div class="col-1"></div>
		<div class="col-2"></div>
		<div class="col-2">99</div>
		<div class="col-2"></div>
	</div><div id="partner38" class="row">
		<div class="col-1">114000000</div>
		<div class="col-2">VENEZUELA</div>
		<div class="col-2">No valid address on file</div>
		<div class="col-1"></div>
		<div class="col-2"></div>
		<div class="col-2">99</div>
		<div class="col-2"></div>
	</div><div id="partner39" class="row">
		<div class="col-1">115000000</div>
		<div class="col-2">PUERTO RICO</div>
		<div class="col-2">No valid address on file</div>
		<div class="col-1"></div>
		<div class="col-2"></div>
		<div class="col-2">99</div>
		<div class="col-2"></div>
	</div></div>

</body>
</html>
